> #Load the input file
> raw.data = read.csv(choose.files())
> data = raw.data #Take the backup of the data and proceed
> ##################################################################################################
> #The committee is interested to know each field of the data collected through descriptive
> #analysis to gain basic insights into the data set and to prepare for further analysis. 
> ##################################################################################################
> data[1:3,]
  Kilometres Zone Bonus Make Insured Claims Payment
1          1    1     1    1  455.13    108  392491
2          1    1     1    2   69.17     19   46221
3          1    1     1    3   72.88     13   15694
> summary(data)
   Kilometres         Zone          Bonus            Make          Insured              Claims       
 Min.   :1.000   Min.   :1.00   Min.   :1.000   Min.   :1.000   Min.   :     0.01   Min.   :   0.00  
 1st Qu.:2.000   1st Qu.:2.00   1st Qu.:2.000   1st Qu.:3.000   1st Qu.:    21.61   1st Qu.:   1.00  
 Median :3.000   Median :4.00   Median :4.000   Median :5.000   Median :    81.53   Median :   5.00  
 Mean   :2.986   Mean   :3.97   Mean   :4.015   Mean   :4.992   Mean   :  1092.20   Mean   :  51.87  
 3rd Qu.:4.000   3rd Qu.:6.00   3rd Qu.:6.000   3rd Qu.:7.000   3rd Qu.:   389.78   3rd Qu.:  21.00  
 Max.   :5.000   Max.   :7.00   Max.   :7.000   Max.   :9.000   Max.   :127687.27   Max.   :3338.00  
    Payment        
 Min.   :       0  
 1st Qu.:    2989  
 Median :   27404  
 Mean   :  257008  
 3rd Qu.:  111954  
 Max.   :18245026  
> str(data)
'data.frame':	2182 obs. of  7 variables:
 $ Kilometres: int  1 1 1 1 1 1 1 1 1 1 ...
 $ Zone      : int  1 1 1 1 1 1 1 1 1 1 ...
 $ Bonus     : int  1 1 1 1 1 1 1 1 1 2 ...
 $ Make      : int  1 2 3 4 5 6 7 8 9 1 ...
 $ Insured   : num  455.1 69.2 72.9 1292.4 191 ...
 $ Claims    : int  108 19 13 124 40 57 23 14 1704 45 ...
 $ Payment   : int  392491 46221 15694 422201 119373 170913 56940 77487 6805992 214011 ...
> table(data$Kilometres)

  1   2   3   4   5 
439 441 441 434 427 
> table(data$Zone)

  1   2   3   4   5   6   7 
315 315 315 315 313 315 294 
> table(data$Bonus)

  1   2   3   4   5   6   7 
307 312 310 310 313 315 315 
> table(data$Make)

  1   2   3   4   5   6   7   8   9 
245 245 242 238 244 244 242 237 245 
> table(data$Insured)

 0.01  0.03  0.04  0.08  0.09   0.1  0.13  0.15   0.2  0.23   0.3  0.34  0.35  0.38   0.4  0.46  0.47 
    1     1     2     1     1     4     2     1     2     1     2     1     1     1     1     2     1 
  0.5  0.58   0.6   0.7  0.72  0.73  0.75  0.76   0.8   0.9  0.96     1  1.02  1.04  1.05  1.06   1.1 
    2     1     2     4     1     1     1     2     3     4     2     1     1     1     1     1     1 
 1.14  1.15  1.16   1.2  1.21  1.28   1.3  1.32  1.34  1.36  1.37  1.49   1.5  1.52  1.56  1.57  1.58 
    2     1     3     1     1     2     1     1     2     2     1     1     1     1     1     1     2 
 1.61  1.63  1.64  1.65  1.68  1.69  1.76  1.77  1.85  1.86  1.88   1.9  1.92  1.93  1.96  2.02  2.05 
    1     1     1     1     2     1     1     1     1     1     2     1     1     1     2     2     1 
 2.07   2.1  2.11  2.21  2.22  2.23  2.25   2.3  2.31  2.32  2.34  2.35  2.38  2.39  2.42  2.43  2.44 
    1     1     1     1     1     1     2     1     2     1     1     1     1     1     1     1     1 
 2.48  2.49   2.5  2.63  2.64  2.68   2.7  2.74  2.81  2.83  2.85  2.86  2.89  2.94  3.06  3.11  3.22 
    1     3     1     1     1     1     1     1     2     1     1     1     1     1     1     1     1 
 3.23  3.24  3.26  3.27  3.31  3.34  3.39  3.41  3.42  3.46  3.47  3.56  3.57  3.59   3.6  3.64  3.66 
    1     2     2     3     3     1     1     2     1     1     2     1     1     1     1     1     1 
 3.68   3.7  3.73  3.74  3.84  3.85  3.89  3.98  3.99  4.03  4.05  4.06  4.09  4.12  4.13  4.15  4.18 
    1     2     1     2     1     1     1     1     1     1     2     1     1     1     1     1     1 
  4.2  4.25  4.29  4.31   4.4  4.46  4.48  4.57  4.58  4.61  4.65  4.69  4.71  4.74  4.81  4.82  4.89 
    1     1     2     1     1     1     1     1     2     1     1     1     1     1     2     1     1 
 4.92  4.95  4.96  4.97  5.05   5.1  5.15  5.16  5.26  5.43   5.5  5.58  5.64  5.65   5.7  5.71  5.74 
    1     1     1     1     1     1     1     1     1     1     2     1     1     1     1     1     1 
 5.76  5.77  5.81  5.82  5.83  5.84  5.92  5.95  5.98  6.03  6.06  6.07  6.08  6.13  6.14  6.17  6.31 
    1     1     1     1     1     1     1     1     2     1     1     1     1     1     1     1     1 
 6.33  6.47  6.54  6.58  6.65  6.69   6.7  6.76  6.84  6.89   6.9  6.91  6.92  6.94  6.96  7.05  7.09 
    1     1     1     1     1     1     2     1     1     1     1     1     1     1     1     1     1 
 7.13  7.15  7.17  7.18  7.26  7.31  7.36  7.38  7.44   7.5  7.55  7.56   7.6  7.77  7.78  8.04  8.06 
    1     1     1     1     1     1     1     1     1     1     1     1     2     1     1     1     1 
 8.08  8.09  8.14  8.18   8.4  8.46  8.47  8.54  8.58  8.68  8.71  8.74  8.87  8.91  8.92  8.96  8.97 
    1     1     1     1     1     1     1     1     1     1     2     2     1     2     1     1     1 
 8.99  9.01  9.02   9.1  9.16  9.18  9.24  9.31   9.5  9.66  9.68  9.75  9.82  9.86  9.88  9.89  9.91 
    1     1     2     1     1     1     2     1     1     1     1     2     1     1     1     1     2 
 9.92  9.94  9.96    10 10.02 10.07 10.09 10.13 10.16 10.18 10.26 10.27 10.46 10.55 10.62 10.67 10.73 
    1     1     1     1     1     1     1     1     1     1     1     1     3     3     1     1     1 
10.74 10.75  10.8 10.81 10.84 10.91 10.94 10.96 10.98 11.06 11.07 11.16 11.17 11.21 11.23 11.26 11.32 
    1     1     1     1     1     1     1     1     1     1     1     1     1     1     1     1     1 
11.33 11.36 11.37 11.39 11.46 11.53 11.75  11.8 11.86 11.87  11.9 11.91 11.92 11.93 11.94 11.97 11.99 
    1     1     1     1     1     1     1     1     1     1     1     1     1     1     1     1     1 
12.01 12.02 12.04 12.05 12.15 12.18 12.19  12.2 12.24 12.26 12.31 12.36 12.37 12.54 12.55 12.61 12.63 
    1     1     1     1     1     1     1     1     1     1     2     1     1     1     3     1     1 
12.74 12.76 12.86 12.91 12.98    13 13.03 13.06 13.08 13.19 13.24  13.3 13.33 13.38 13.39 13.41 13.45 
    1     1     1     1     1     1     1     1     1     1     2     1     1     1     1     1     1 
13.47 13.54 13.59 13.61 13.62 13.65 13.81 13.92 14.01 14.04 14.11 14.14 14.15 14.17 14.21 14.32 14.35 
    1     2     1     2     1     1     1     1     1     1     1     1     1     1     2     1     1 
 14.4 14.41 14.42 14.44  14.5 14.51 14.53 14.58 14.67 14.77    15 15.14 15.25 15.27 15.31 15.42 15.44 
    1     2     1     1     1     1     1     1     1     1     1     1     1     1     1     1     1 
15.53 15.57 15.68 15.77 15.78    16 16.11 16.16 16.22 16.23 16.24 16.35  16.4 16.41 16.46 16.48 16.52 
    1     2     1     2     1     2     1     1     1     1     1     1     1     1     1     1     2 
16.54 16.61 16.77 16.87 17.04 17.05 17.15 17.21 17.27 17.31 17.42 17.48 17.58 17.73 17.77 17.86 17.88 
    1     1     1     1     1     1     1     1     1     1     1     1     2     1     2     1     2 
17.93 17.98 17.99    18 18.06 18.13 18.18 18.19 18.21 18.35 18.46  18.5 18.54 18.55 18.59 18.65 18.74 
    1     1     1     1     1     1     1     1     1     1     1     1     1     1     2     1     1 
 18.8 18.83 18.96 19.07  19.1 19.16 19.19 19.28 19.31 19.33 19.48  19.5 19.53 19.66 19.87 19.89 19.91 
    1     1     1     1     1     1     1     1     1     1     1     1     1     1     1     1     1 
20.03 20.21 20.25 20.27 20.45 20.61 20.67 20.72 20.82 20.83 20.84 20.88 20.94 21.01 21.03 21.15 21.16 
    1     1     1     1     1     1     1     1     1     1     2     1     1     1     1     2     1 
21.19 21.22 21.56 21.61 21.67 21.73 21.74 21.78  21.8 21.83  21.9 22.01 22.19 22.34 22.43 22.47 22.59 
    1     1     1     2     1     2     1     1     1     1     1     1     1     1     1     1     1 
22.62 22.65 22.69 22.76 22.77 22.78 22.83 22.87 22.92 22.93 22.94 23.02 23.03  23.1 23.13 23.37 23.38 
    1     1     1     1     1     1     1     1     1     1     2     1     1     1     1     1     2 
23.45 23.46 23.47 23.55 23.65 23.74 23.75 23.84 23.96 24.04 24.06 24.08 24.21 24.46 24.61 24.81 24.92 
    1     2     1     1     1     1     1     1     1     1     1     1     1     1     1     1     1 
24.96 25.01 25.02  25.1 25.13 25.31 25.32 25.33 25.54 25.64 25.69 25.79 25.83 25.84 25.88 25.92 25.93 
    1     1     1     1     1     1     1     1     1     1     2     1     1     1     1     1     1 
25.94 25.95 26.02 26.06 26.09 26.11 26.23 26.32 26.36 26.38 26.57 26.66 26.77 26.85 26.94 27.01 27.24 
    1     1     1     1     1     1     1     1     1     1     1     1     1     1     1     1     1 
27.27 27.33 27.39  27.4 27.49 27.54 27.66  27.7 27.77 27.82 27.97    28 28.18 28.28 28.29 28.33  28.4 
    1     1     1     1     1     1     1     1     1     1     1     1     1     1     1     2     1 
28.41 28.45 28.52 28.65 28.66 28.91 29.02 29.05 29.09 29.15 29.24 29.28 29.33 29.39 29.43 29.54 29.72 
    1     1     1     1     1     1     1     1     1     1     1     1     1     1     1     1     1 
29.78 29.81 29.87 29.99 30.23 30.43 30.55  30.6 30.72 30.74 30.77  30.8 30.82 30.88 31.15 31.18  31.2 
    1     1     1     1     1     1     1     1     1     1     1     1     1     1     1     1     2 
31.21 31.22 31.33 31.36 31.44  31.5 31.52 31.55 31.63 31.66 31.71 31.88 31.96 31.99    32 32.02 32.03 
    1     1     1     1     1     1     1     1     1     1     1     1     1     1     1     2     1 
32.05 32.28 32.33 32.35 32.44 32.49  32.5 32.55 32.78  32.8 32.92 33.05  33.1 33.16 33.22 33.23 33.37 
    2     1     2     1     1     1     1     1     1     2     1     1     1     1     1     1     1 
33.47 33.57  33.6 33.65 33.94 34.01 34.25 34.31 34.38 34.39 34.61 34.63 34.65 34.87 34.92 35.07 35.14 
    1     1     1     1     1     1     1     1     1     1     1     1     1     1     1     1     1 
35.15 35.22 35.25  35.3 35.32 35.33 35.34 35.36 35.48 35.49  35.5 35.51 35.59 35.86 35.98 36.08 36.11 
    1     1     1     1     1     2     1     1     1     1     1     1     1     1     1     1     1 
36.19 36.23 36.25 36.39 36.43 36.47 36.73 36.78 36.79 36.88 36.94 36.98 37.01 37.07  37.2 37.44 37.76 
    1     1     1     1     1     1     1     1     1     1     1     1     1     1     1     1     1 
37.88 37.92 37.96 38.09 38.15 38.25 38.26 38.27  38.4 38.42 38.48  38.5 38.56 38.64 38.73 38.77 39.01 
    1     1     1     1     1     1     1     1     1     1     1     1     1     1     1     1     1 
39.02 39.14  39.3 39.38  39.6 39.68 39.76 39.79 40.03 40.18  40.3 40.44 40.59 40.84 41.12 41.17 41.28 
    1     1     1     1     1     2     1     1     2     1     1     1     1     1     1     1     1 
 41.4 41.49 41.51 41.54 41.71 41.84 42.02 42.25 42.39 42.44 42.93 42.98 43.27 43.29 43.32 43.45 44.03 
    1     1     1     1     1     1     1     1     1     1     1     1     1     1     1     1     1 
44.08 44.13 44.31 44.37 44.41 44.59 44.65 44.78 44.88  44.9 45.13 45.16 45.35 46.17 46.18 46.23 46.27 
    1     1     1     1     1     1     1     1     1     1     1     1     1     1     1     1     1 
46.47 46.66 46.93 46.95 46.96 46.99 47.01 47.06 47.19 47.24 47.61 47.82 47.93 48.04 48.09 48.14 48.55 
    2     1     1     1     1     1     1     1     1     1     1     1     1     1     1     1     1 
48.57 48.59 48.63 48.67 48.77 48.99 49.14 49.18 49.31 49.35 49.37 49.48 49.51 49.52 49.59 49.82 50.12 
    1     1     1     1     1     1     1     1     1     1     1     1     2     1     1     1     1 
50.19 50.22 50.32 50.41 50.65 50.75 50.82 50.85 51.13 51.24  51.8 51.82 51.85 51.89 52.01 52.17 52.25 
    1     1     1     1     1     1     1     1     1     1     1     1     1     1     1     1     1 
52.42 52.49 52.69  52.7 52.79 52.96 52.97 53.04 53.05  53.3 53.38 53.41 53.55 53.81  53.9 53.95 54.01 
    1     1     1     1     1     1     1     1     1     1     1     1     1     1     1     1     1 
54.57 54.58 54.72 54.76 54.79 54.94 55.08 55.22 55.35 55.57 55.59  55.6 55.68  55.7 55.74 55.78  55.8 
    1     1     1     1     1     1     1     1     1     1     1     1     1     1     1     1     1 
55.84 55.88 56.09 56.21 56.42 56.58 56.66 56.73 56.82 56.83 56.86 56.96 57.21 57.46 57.53 58.02 58.08 
    1     1     1     1     1     1     1     1     1     1     1     1     1     1     1     1     1 
58.09 58.14 58.16 58.24 58.59 58.78  58.8 58.99 59.08 59.11 59.64 59.81 59.82 59.83 59.93 59.95 60.42 
    1     1     1     1     1     1     1     1     1     1     2     1     1     1     1     1     1 
60.44 60.46 60.48 60.68 60.89 61.12 61.13 61.36 61.37 61.44 61.57 61.82 61.91 61.96 62.38 62.53 62.69 
    1     1     1     1     2     1     1     1     1     1     1     1     1     1     1     1     1 
62.87 63.07 63.25 63.55 63.63 63.98 64.24 64.25 64.51 64.53 64.73 64.77 65.27 65.39 65.64  65.8 65.95 
    1     1     1     1     1     1     1     1     1     2     1     1     1     1     1     1     1 
66.18 66.36 66.47 66.54 67.13 67.35 67.39 67.45 67.62 67.63 67.91 67.99 68.28 68.71 68.91 69.04 69.17 
    1     1     1     1     1     1     1     1     1     1     1     1     1     1     1     1     1 
69.25 69.26 69.38 69.43 69.52 69.55  69.7 69.85 70.13 70.27 70.44  70.7 70.88 71.03 71.27 71.36 71.37 
    1     1     1     1     1     1     1     1     1     1     1     1     1     1     1     1     1 
71.49  71.9 71.95 72.05 72.26  72.4 72.74 72.78 72.82 72.88 73.29 73.37 73.41 73.48 73.51 73.62 73.64 
    1     1     1     1     1     1     1     1     1     1     2     1     1     1     1     1     1 
73.74 74.01 74.05 74.65 74.87    75 75.09 75.36 75.39 75.71  75.8 76.26 76.42 76.88  76.9 76.97 77.17 
    1     1     1     1     1     1     1     1     1     1     1     1     1     1     1     1     1 
77.26 77.53 78.56 78.57  78.7 79.18 79.26 79.55 79.68 79.77 80.05 80.16 80.47 80.68  80.8 80.96 81.27 
    1     1     1     1     1     1     1     1     1     1     1     2     1     1     1     1     1 
81.78 81.79  81.9 82.11 82.85  83.2 83.37 83.41 84.17 84.29 84.33 84.36 84.68 84.85 
    1     1     1     1     1     1     1     1     1     1     1     1     1     1 
 [ reached getOption("max.print") -- omitted 1070 entries ]
> plot(data$Insured)
> boxplot(data$Insured)
> boxplot(log(data$Insured))
> table(data$Claims)

   0    1    2    3    4    5    6    7    8    9   10   11   12   13   14   15   16   17   18   19 
 385  214  169  131  100   98   66   65   51   46   38   44   29   34   28   29   28   24   13   16 
  20   21   22   23   24   25   26   27   28   29   30   31   32   33   34   35   36   37   38   39 
  14   19   14   15   13   10    6    8    5   17   12    8    9    9    9   10    3    2    7    1 
  40   41   42   43   44   45   46   47   48   49   50   51   52   53   54   55   56   57   58   59 
   5    7    2    6    6    6    3    6    4    3    6    3    5    6    2    8    2    2    3    1 
  60   61   62   63   64   65   66   67   68   69   70   71   72   73   74   75   76   77   78   80 
   4    2    3    1    3    8    2    5    2    2    4    2    4    1    6    1    2    2    1    2 
  81   82   83   84   85   86   87   88   89   90   91   92   94   95   96   97   98   99  100  101 
   1    4    4    1    1    6    4    1    2    1    4    2    1    2    2    2    4    6    1    4 
 103  104  105  107  108  109  111  112  113  115  116  117  118  119  120  121  122  124  125  127 
   1    1    1    4    1    1    2    1    2    4    2    1    1    1    2    2    3    1    2    1 
 131  135  136  138  139  140  144  146  148  150  153  154  156  157  159  160  162  164  165  172 
   1    1    1    1    1    1    1    1    1    1    1    1    2    1    1    1    1    1    1    2 
 173  174  176  185  187  190  194  197  209  211  214  217  219  222  224  226  227  233  234  236 
   1    2    1    1    2    1    1    1    1    1    1    1    1    1    1    1    1    2    1    1 
 241  242  243  250  255  256  269  274  282  283  284  290  291  294  297  300  301  304  317  320 
   1    2    1    2    2    1    1    1    1    1    1    1    2    1    1    1    1    1    1    1 
 323  324  325  332  344  356  359  363  389  390  393  396  404  407  408  413  416  418  425  427 
   2    2    1    1    2    1    1    1    1    1    1    1    1    3    1    1    1    1    1    1 
 441  444  445  453  456  477  484  486  492  517  520  522  535  542  556  559  580  584  589  591 
   1    1    1    1    1    2    2    1    1    1    1    1    1    1    1    1    1    1    1    1 
 598  605  616  618  622  625  638  645  722  728  799  849  886  920 1003 1037 1157 1186 1205 1326 
   1    1    2    1    1    1    1    1    1    1    1    1    1    1    1    1    1    1    1    1 
1410 1442 1446 1462 1481 1504 1704 1744 1865 1875 2044 2087 2127 2548 2894 3338 
   1    1    1    1    1    1    1    1    1    1    1    1    1    1    1    1 
> plot(data$Claims)
> boxplot(data$Claims)
> boxplot(log(data$Claims))
Warning message:
In bplt(at[i], wid = width[i], stats = z$stats[, i], out = z$out[z$group ==  :
  Outlier (-Inf) in boxplot 1 is not drawn
> table(data$Payment)

    0    72   148   303   309   390   400   429   435   556   597   600   603   617   626   700   716 
  385     1     1     1     1     1     1     1     1     1     1     2     1     1     1     1     1 
  756   779   789   794   800   874   900   901   906   913   917   939   954   956   963   966   992 
    1     1     1     1     1     1     1     1     1     1     1     1     1     1     1     1     1 
  993   994  1000  1012  1021  1029  1065  1073  1100  1135  1140  1144  1150  1200  1209  1231  1234 
    1     1     2     2     1     1     1     1     1     1     1     1     1     1     1     1     1 
 1258  1300  1314  1325  1327  1329  1363  1373  1410  1426  1441  1450  1453  1455  1467  1500  1503 
    1     1     1     1     1     2     1     1     1     1     1     1     1     1     1     1     1 
 1504  1510  1512  1518  1522  1554  1576  1588  1606  1668  1684  1710  1725  1742  1753  1758  1769 
    1     1     1     1     1     1     1     1     1     1     1     1     1     1     1     1     1 
 1770  1800  1802  1803  1825  1845  1855  1878  1916  1953  1955  1962  1968  1978  1980  1985  2000 
    1     1     1     1     1     1     1     1     2     1     1     1     1     1     1     1     1 
 2059  2063  2113  2138  2184  2186  2193  2198  2199  2200  2237  2280  2283  2288  2289  2313  2320 
    1     1     1     1     1     1     1     1     1     1     1     1     1     1     1     1     1 
 2330  2343  2360  2400  2495  2524  2536  2560  2572  2575  2597  2629  2640  2676  2680  2686  2693 
    1     1     1     1     1     1     1     1     1     2     1     1     1     1     1     1     1 
 2700  2702  2732  2735  2738  2745  2762  2772  2800  2802  2810  2825  2855  2864  2913  2935  2943 
    1     1     1     1     1     1     1     1     1     1     1     1     1     1     1     1     1 
 2965  2977  2985  3000  3005  3044  3056  3065  3112  3138  3174  3178  3200  3277  3314  3325  3340 
    1     1     1     2     1     2     1     1     1     1     1     1     1     1     1     1     1 
 3372  3392  3416  3450  3465  3468  3521  3523  3530  3542  3571  3580  3590  3604  3608  3611  3671 
    1     1     1     1     1     1     1     1     1     1     1     1     1     1     1     1     1 
 3694  3695  3699  3731  3759  3762  3783  3784  3801  3886  3887  3896  3897  3900  3915  3952  3970 
    1     1     1     1     1     1     1     1     1     1     1     1     1     1     1     1     1 
 4005  4058  4059  4079  4125  4164  4206  4211  4225  4249  4256  4332  4333  4375  4383  4399  4415 
    1     1     1     1     1     1     1     1     1     1     1     1     1     1     1     1     1 
 4422  4465  4486  4487  4496  4502  4512  4521  4525  4571  4581  4642  4656  4684  4686  4731  4736 
    1     1     1     1     1     1     1     1     1     1     1     1     1     1     1     1     1 
 4737  4738  4778  4809  4812  4822  4834  4835  4836  4855  4864  4868  4876  4884  4900  4928  4943 
    1     1     1     1     1     1     1     1     1     1     1     1     1     1     1     1     1 
 4956  4969  5000  5014  5056  5061  5072  5100  5192  5207  5216  5281  5291  5307  5315  5317  5368 
    1     1     2     1     1     1     1     1     1     1     1     1     1     1     1     1     1 
 5391  5400  5403  5417  5422  5460  5473  5504  5523  5590  5598  5646  5658  5673  5688  5716  5747 
    1     1     1     1     1     1     1     1     1     1     1     1     1     1     1     1     1 
 5756  5762  5829  5855  5871  5911  5923  5949  5964  5982  6020  6068  6085  6102  6103  6140  6211 
    1     1     1     1     1     1     1     1     1     1     1     1     1     1     1     1     1 
 6214  6221  6237  6279  6302  6323  6326  6342  6347  6387  6421  6484  6486  6506  6534  6560  6574 
    1     1     1     1     1     1     1     1     1     1     1     1     1     1     2     1     1 
 6600  6623  6656  6659  6674  6744  6779  6827  6842  6861  6864  6866  6906  6939  6990  7009  7056 
    1     1     1     1     1     1     1     1     1     1     1     1     1     1     1     1     1 
 7068  7103  7212  7229  7232  7244  7305  7333  7357  7403  7421  7451  7466  7480  7541  7558  7563 
    1     1     1     1     1     1     1     1     1     1     1     1     1     1     1     1     1 
 7618  7638  7647  7652  7660  7701  7718  7725  7747  7762  7797  7805  7874  7963  7993  8000  8013 
    1     1     1     1     1     1     1     1     1     1     1     1     1     1     1     1     1 
 8064  8066  8119  8171  8215  8231  8234  8237  8255  8258  8274  8327  8347  8390  8396  8435  8463 
    1     1     1     2     1     1     1     1     1     1     1     1     1     1     1     1     1 
 8498  8538  8546  8608  8610  8628  8643  8670  8714  8741  8787  8813  8860  8906  8908  8972  9006 
    1     1     1     1     1     1     1     1     1     1     1     1     1     1     1     1     1 
 9007  9151  9201  9253  9307  9345  9347  9368  9487  9508  9525  9579  9580  9624  9655  9656  9681 
    1     1     1     1     1     1     1     1     1     1     1     1     1     1     1     1     1 
 9709  9713  9753  9848  9867  9869  9871  9979 10031 10085 10115 10121 10160 10259 10300 10335 10382 
    1     1     1     1     1     1     1     1     1     1     1     1     1     1     1     1     1 
10388 10472 10519 10539 10543 10570 10580 10588 10592 10597 10624 10781 10811 10834 10929 11007 11034 
    1     1     1     1     1     1     1     1     1     1     1     1     1     1     1     1     1 
11144 11208 11325 11339 11364 11385 11444 11469 11510 11558 11642 11704 11746 11762 11808 11839 11847 
    2     1     1     1     1     1     1     1     1     1     1     1     1     1     1     1     1 
11865 11924 11936 12022 12058 12077 12104 12105 12173 12215 12253 12268 12288 12459 12478 12520 12589 
    1     1     2     1     1     1     1     1     1     1     1     1     1     1     1     1     1 
12590 12608 12647 12648 12686 12793 12796 12853 12904 12947 12950 13026 13031 13046 13127 13161 13238 
    1     1     1     1     1     1     2     1     1     1     1     1     1     1     1     1     1 
13266 13308 13341 13395 13468 13492 13529 13581 13586 13624 13695 13716 13825 13931 14084 14134 14166 
    1     1     1     1     1     1     1     1     1     1     1     1     1     1     1     1     1 
14203 14223 14288 14385 14439 14449 14451 14472 14546 14620 14731 14735 14788 14794 14816 14822 14904 
    1     1     1     1     1     1     1     1     1     1     1     1     1     1     1     1     1 
14940 14953 14963 14982 15001 15092 15099 15124 15193 15205 15229 15546 15568 15583 15613 15694 15713 
    1     1     1     1     1     1     1     1     1     1     1     1     1     1     1     1     1 
15788 15865 15880 15915 16138 16170 16182 16203 16229 16285 16448 16559 16623 16730 16781 16802 16812 
    1     1     1     1     1     1     1     1     1     1     1     1     1     1     1     1     1 
16820 16922 16980 17072 17149 17523 17562 17564 17574 17978 18003 18027 18043 18099 18101 18221 18246 
    1     1     1     1     1     1     1     1     1     1     1     2     1     1     1     1     1 
18343 18385 18433 18455 18501 18584 18603 18624 18627 18826 18943 19038 19055 19085 19142 19159 19178 
    1     1     1     1     1     1     1     1     1     1     1     1     1     1     1     1     1 
19327 19358 19365 19379 19434 19600 20011 20054 20196 20281 20295 20303 20304 20312 20515 20675 20731 
    1     1     1     1     1     1     1     1     1     1     1     1     1     1     1     1     1 
20737 20871 20881 20942 21026 21295 21433 21497 21620 21654 21659 21706 21727 21782 21942 22261 22292 
    1     1     1     1     1     1     1     1     1     1     1     1     1     1     1     1     1 
22382 22404 22418 22495 22634 22703 22795 22854 23087 23091 23206 23218 23349 23456 23491 23545 23703 
    1     1     1     1     1     1     1     1     1     1     1     1     1     1     1     1     1 
23893 23998 24026 24691 24925 25036 25061 25307 25319 25329 25358 25417 25481 25652 25656 25737 25779 
    1     1     1     1     1     1     1     1     1     1     1     1     1     1     1     1     1 
25912 25944 25988 25994 26433 26769 26797 27067 27088 27311 27325 27401 27406 27643 27834 27919 28248 
    1     1     1     1     1     1     1     1     1     1     1     1     1     1     1     1     1 
28430 28491 28994 29069 29123 29492 30153 30232 30277 30337 30465 30510 31036 31442 31519 31522 31615 
    1     1     1     1     1     1     1     1     1     1     1     1     1    28     1     1     1 
31626 31740 31942 31952 32030 32158 32164 32275 32355 32365 32423 32584 32595 32660 32827 32833 32896 
    1     1     1     1     1     3     1     1     1     1     1     1     1     1     1     1     1 
33098 33142 33175 33299 33310 33342 33767 33786 33909 33925 33965 34055 34102 34108 34137 34167 34267 
    1     1     1     1     1     1     1     1     1     1     1     1     1     1     1     1     1 
34383 34524 34624 34674 34707 34833 34844 34894 34911 34954 34979 35088 35174 35221 35412 35437 35588 
    1     1     1     1     1     1     1     1     1     1     1     1     1     1     1     1     1 
35613 35685 35822 35898 36007 36029 36169 36204 36294 36323 36371 36441 36477 36493 36704 36777 36882 
    1     1     1     1     1     1     1     1     1     1     1     1     1     1     1     1     1 
36934 37006 37247 37312 37643 37755 37835 37990 38011 38056 38065 38157 38416 38542 38560 38663 38665 
    1     1     1     1     1     1     1     1     1     1     1     1     1     1     1     1     1 
38808 38966 38993 39053 39056 39255 39333 39598 39787 39806 39939 39981 40010 40047 40142 40258 40261 
    1     1     1     1     1     1     1     1     1     1     1     1     1     1     1     1     1 
40268 40273 40319 40334 40454 40553 40620 40634 40692 40729 40820 41206 41229 41245 41333 41459 41552 
    1     1     1     1     1     1     1     1     1     1     1     1     1     1     1     1     1 
41564 41753 41905 41928 41995 42167 42364 42369 42372 42430 42469 42550 42561 42607 42621 42686 42891 
    1     1     1     1     1     1     1     1     1     1     1     1     1     1     1     1     1 
43023 43173 43190 43236 43315 43356 43426 43676 43734 44018 44195 44201 44278 44435 44772 44864 44966 
    1     1     1     1     1     1     1     1     1     1     1     1     1     1     1     1     1 
45054 45410 45486 45498 45597 45599 45614 45695 45751 45789 45923 45982 46010 46145 46221 46244 46327 
    1     1     1     1     1     1     1     1     1     1     1     1     1     1     1     1     1 
46332 46879 46956 47058 47251 47270 47492 47495 47506 47551 47589 47591 47618 47691 48119 48495 48691 
    1     1     1     1     1     1     1     1     1     1     1     1     1     1     1     1     1 
48713 48767 48811 49022 49061 49093 49166 49197 49480 49731 49844 49960 49974 49986 50019 50023 50067 
    1     1     1     1     1     1     1     1     1     1     1     1     1     1     1     1     1 
50649 50908 51072 51080 51133 51190 51380 51392 51707 51943 51950 51965 52060 52076 52327 52349 52745 
    1     1     1     1     1     1     1     1     1     1     1     1     1     1     1     1     1 
52950 53110 53173 53188 53193 53228 53251 53377 54065 54362 54694 55103 55124 55184 55231 55283 55348 
    1     1     1     1     1     1     1     1     1     1     1     1     1     1     1     1     1 
55353 55542 55595 55603 55806 55966 56128 56172 56739 56940 57214 57304 57389 57404 57514 57665 57758 
    1     1     1     1     1     1     1     1     1     1     1     1     1     1     1     1     1 
57899 57916 58099 58316 58500 58588 59193 59311 59369 59509 59634 59922 60096 61055 61145 61341 61398 
    1     1     1     1     1     1     1     1     1     1     1     1     1     1     1     1     1 
61507 61591 61695 61788 61941 61958 62013 62295 62554 62560 62674 62709 62884 63658 
    1     1     1     1     1     1     1     1     1     1     1     1     1     1 
 [ reached getOption("max.print") -- omitted 752 entries ]
> plot(data$Payment)
> boxplot(data$Payment)
> boxplot(log(data$Payment))
Warning message:
In bplt(at[i], wid = width[i], stats = z$stats[, i], out = z$out[z$group ==  :
  Outlier (-Inf) in boxplot 1 is not drawn
> plot(data$Claims, data$Payment)
> plot(data$Insured, data$Payment)
> library(corrplot)
> cor(data)
             Kilometres        Zone       Bonus         Make     Insured     Claims    Payment
Kilometres  1.000000000 -0.01404454 0.007226253 -0.002671090 -0.11299032 -0.1284519 -0.1208864
Zone       -0.014044539  1.00000000 0.011752402 -0.005216490 -0.05823208 -0.1146872 -0.1026947
Bonus       0.007226253  0.01175240 1.000000000  0.002150429  0.16542526  0.1051024  0.1180327
Make       -0.002671090 -0.00521649 0.002150429  1.000000000  0.18564236  0.2532120  0.2435393
Insured    -0.112990321 -0.05823208 0.165425256  0.185642358  1.00000000  0.9103478  0.9332170
Claims     -0.128451910 -0.11468720 0.105102362  0.253211951  0.91034777  1.0000000  0.9954003
Payment    -0.120886355 -0.10269467 0.118032691  0.243539320  0.93321697  0.9954003  1.0000000
> corrplot(cor(data))
> formula_string = c("Payment ~ Claims + Insured", "Payment ~ Claims", "Payment ~ Insured")
> #Create a function so that the models can be called in loops
> model = function (formula_string)
+ {
+   for( i in formula_string)
+   {
+     print(i)
+     log_model = lm(formula = i, data = data)
+     print(summary(log_model))
+     
+     lm_tuned = step(object = log_model, direction = "both")
+     print(summary(lm_tuned))
+     
+   }
+   remove(log_model, lm_tuned)
+ }
> model(formula_string)
[1] "Payment ~ Claims + Insured"

Call:
lm(formula = i, data = data)

Residuals:
    Min      1Q  Median      3Q     Max 
-799392  -12743   -3733   10591  861235 

Coefficients:
             Estimate Std. Error t value Pr(>|t|)    
(Intercept) 3250.7447  1582.7077   2.054   0.0401 *  
Claims      4294.7750    18.2819 234.920   <2e-16 ***
Insured       28.3881     0.6514  43.580   <2e-16 ***
---
Signif. codes:  0 ‘***’ 0.001 ‘**’ 0.01 ‘*’ 0.05 ‘.’ 0.1 ‘ ’ 1

Residual standard error: 71270 on 2179 degrees of freedom
Multiple R-squared:  0.9951,	Adjusted R-squared:  0.9951 
F-statistic: 2.211e+05 on 2 and 2179 DF,  p-value: < 2.2e-16

Start:  AIC=48767.42
Payment ~ Claims + Insured

          Df  Sum of Sq        RSS   AIC
<none>                  1.1068e+13 48767
- Insured  1 9.6474e+12 2.0716e+13 50133
- Claims   1 2.8033e+14 2.9140e+14 55902

Call:
lm(formula = Payment ~ Claims + Insured, data = data)

Residuals:
    Min      1Q  Median      3Q     Max 
-799392  -12743   -3733   10591  861235 

Coefficients:
             Estimate Std. Error t value Pr(>|t|)    
(Intercept) 3250.7447  1582.7077   2.054   0.0401 *  
Claims      4294.7750    18.2819 234.920   <2e-16 ***
Insured       28.3881     0.6514  43.580   <2e-16 ***
---
Signif. codes:  0 ‘***’ 0.001 ‘**’ 0.01 ‘*’ 0.05 ‘.’ 0.1 ‘ ’ 1

Residual standard error: 71270 on 2179 degrees of freedom
Multiple R-squared:  0.9951,	Adjusted R-squared:  0.9951 
F-statistic: 2.211e+05 on 2 and 2179 DF,  p-value: < 2.2e-16

[1] "Payment ~ Claims"

Call:
lm(formula = i, data = data)

Residuals:
     Min       1Q   Median       3Q      Max 
-1744858    -8545     2773    13386  1491369 

Coefficients:
            Estimate Std. Error t value Pr(>|t|)    
(Intercept) -3362.29    2154.79   -1.56    0.119    
Claims       5020.08      10.35  485.11   <2e-16 ***
---
Signif. codes:  0 ‘***’ 0.001 ‘**’ 0.01 ‘*’ 0.05 ‘.’ 0.1 ‘ ’ 1

Residual standard error: 97480 on 2180 degrees of freedom
Multiple R-squared:  0.9908,	Adjusted R-squared:  0.9908 
F-statistic: 2.353e+05 on 1 and 2180 DF,  p-value: < 2.2e-16

Start:  AIC=50133.1
Payment ~ Claims

         Df  Sum of Sq        RSS   AIC
<none>                 2.0716e+13 50133
- Claims  1 2.2363e+15 2.2570e+15 60367

Call:
lm(formula = Payment ~ Claims, data = data)

Residuals:
     Min       1Q   Median       3Q      Max 
-1744858    -8545     2773    13386  1491369 

Coefficients:
            Estimate Std. Error t value Pr(>|t|)    
(Intercept) -3362.29    2154.79   -1.56    0.119    
Claims       5020.08      10.35  485.11   <2e-16 ***
---
Signif. codes:  0 ‘***’ 0.001 ‘**’ 0.01 ‘*’ 0.05 ‘.’ 0.1 ‘ ’ 1

Residual standard error: 97480 on 2180 degrees of freedom
Multiple R-squared:  0.9908,	Adjusted R-squared:  0.9908 
F-statistic: 2.353e+05 on 1 and 2180 DF,  p-value: < 2.2e-16

[1] "Payment ~ Insured"

Call:
lm(formula = i, data = data)

Residuals:
     Min       1Q   Median       3Q      Max 
-5946157   -75828   -70260   -30246  5343552 

Coefficients:
             Estimate Std. Error t value Pr(>|t|)    
(Intercept) 73852.388   7971.250   9.265   <2e-16 ***
Insured       167.695      1.383 121.266   <2e-16 ***
---
Signif. codes:  0 ‘***’ 0.001 ‘**’ 0.01 ‘*’ 0.05 ‘.’ 0.1 ‘ ’ 1

Residual standard error: 365600 on 2180 degrees of freedom
Multiple R-squared:  0.8709,	Adjusted R-squared:  0.8708 
F-statistic: 1.471e+04 on 1 and 2180 DF,  p-value: < 2.2e-16

Start:  AIC=55901.85
Payment ~ Insured

          Df  Sum of Sq       RSS   AIC
<none>                  2.914e+14 55902
- Insured  1 1.9656e+15 2.257e+15 60367

Call:
lm(formula = Payment ~ Insured, data = data)

Residuals:
     Min       1Q   Median       3Q      Max 
-5946157   -75828   -70260   -30246  5343552 

Coefficients:
             Estimate Std. Error t value Pr(>|t|)    
(Intercept) 73852.388   7971.250   9.265   <2e-16 ***
Insured       167.695      1.383 121.266   <2e-16 ***
---
Signif. codes:  0 ‘***’ 0.001 ‘**’ 0.01 ‘*’ 0.05 ‘.’ 0.1 ‘ ’ 1

Residual standard error: 365600 on 2180 degrees of freedom
Multiple R-squared:  0.8709,	Adjusted R-squared:  0.8708 
F-statistic: 1.471e+04 on 1 and 2180 DF,  p-value: < 2.2e-16

> remove(formula_string)
> formula_string = c("Payment ~ .")
> model(formula_string)
[1] "Payment ~ ."

Call:
lm(formula = i, data = data)

Residuals:
    Min      1Q  Median      3Q     Max 
-806775  -16943   -6321   11528  847015 

Coefficients:
              Estimate Std. Error t value Pr(>|t|)    
(Intercept) -2.173e+04  6.338e+03  -3.429 0.000617 ***
Kilometres   4.769e+03  1.086e+03   4.392 1.18e-05 ***
Zone         2.323e+03  7.735e+02   3.003 0.002703 ** 
Bonus        1.183e+03  7.737e+02   1.529 0.126462    
Make        -7.543e+02  6.107e+02  -1.235 0.216917    
Insured      2.788e+01  6.652e-01  41.913  < 2e-16 ***
Claims       4.316e+03  1.895e+01 227.793  < 2e-16 ***
---
Signif. codes:  0 ‘***’ 0.001 ‘**’ 0.01 ‘*’ 0.05 ‘.’ 0.1 ‘ ’ 1

Residual standard error: 70830 on 2175 degrees of freedom
Multiple R-squared:  0.9952,	Adjusted R-squared:  0.9952 
F-statistic: 7.462e+04 on 6 and 2175 DF,  p-value: < 2.2e-16

Start:  AIC=48744.4
Payment ~ Kilometres + Zone + Bonus + Make + Insured + Claims

             Df  Sum of Sq        RSS   AIC
- Make        1 7.6538e+09 1.0920e+13 48744
<none>                     1.0912e+13 48744
- Bonus       1 1.1726e+10 1.0924e+13 48745
- Zone        1 4.5246e+10 1.0957e+13 48751
- Kilometres  1 9.6780e+10 1.1009e+13 48762
- Insured     1 8.8136e+12 1.9726e+13 50034
- Claims      1 2.6034e+14 2.7125e+14 55753

Step:  AIC=48743.93
Payment ~ Kilometres + Zone + Bonus + Insured + Claims

             Df  Sum of Sq        RSS   AIC
<none>                     1.0920e+13 48744
- Bonus       1 1.1868e+10 1.0932e+13 48744
+ Make        1 7.6538e+09 1.0912e+13 48744
- Zone        1 4.3876e+10 1.0964e+13 48751
- Kilometres  1 9.5061e+10 1.1015e+13 48761
- Insured     1 8.9879e+12 1.9908e+13 50052
- Claims      1 2.7174e+14 2.8266e+14 55841

Call:
lm(formula = Payment ~ Kilometres + Zone + Bonus + Insured + 
    Claims, data = data)

Residuals:
    Min      1Q  Median      3Q     Max 
-802682  -16785   -6453   11851  846822 

Coefficients:
              Estimate Std. Error t value Pr(>|t|)    
(Intercept) -25091.311   5726.245  -4.382 1.23e-05 ***
Kilometres    4723.323   1085.241   4.352 1.41e-05 ***
Zone          2285.711    773.015   2.957  0.00314 ** 
Bonus         1190.012    773.820   1.538  0.12423    
Insured         27.973      0.661  42.320  < 2e-16 ***
Claims        4310.961     18.526 232.701  < 2e-16 ***
---
Signif. codes:  0 ‘***’ 0.001 ‘**’ 0.01 ‘*’ 0.05 ‘.’ 0.1 ‘ ’ 1

Residual standard error: 70840 on 2176 degrees of freedom
Multiple R-squared:  0.9952,	Adjusted R-squared:  0.9952 
F-statistic: 8.952e+04 on 5 and 2176 DF,  p-value: < 2.2e-16

> cor(data)
             Kilometres        Zone       Bonus         Make     Insured     Claims    Payment
Kilometres  1.000000000 -0.01404454 0.007226253 -0.002671090 -0.11299032 -0.1284519 -0.1208864
Zone       -0.014044539  1.00000000 0.011752402 -0.005216490 -0.05823208 -0.1146872 -0.1026947
Bonus       0.007226253  0.01175240 1.000000000  0.002150429  0.16542526  0.1051024  0.1180327
Make       -0.002671090 -0.00521649 0.002150429  1.000000000  0.18564236  0.2532120  0.2435393
Insured    -0.112990321 -0.05823208 0.165425256  0.185642358  1.00000000  0.9103478  0.9332170
Claims     -0.128451910 -0.11468720 0.105102362  0.253211951  0.91034777  1.0000000  0.9954003
Payment    -0.120886355 -0.10269467 0.118032691  0.243539320  0.93321697  0.9954003  1.0000000
> formula_string = c("Payment ~ .", "Payment ~ Insured + Claims")
> model(formula_string)
[1] "Payment ~ ."

Call:
lm(formula = i, data = data)

Residuals:
    Min      1Q  Median      3Q     Max 
-806775  -16943   -6321   11528  847015 

Coefficients:
              Estimate Std. Error t value Pr(>|t|)    
(Intercept) -2.173e+04  6.338e+03  -3.429 0.000617 ***
Kilometres   4.769e+03  1.086e+03   4.392 1.18e-05 ***
Zone         2.323e+03  7.735e+02   3.003 0.002703 ** 
Bonus        1.183e+03  7.737e+02   1.529 0.126462    
Make        -7.543e+02  6.107e+02  -1.235 0.216917    
Insured      2.788e+01  6.652e-01  41.913  < 2e-16 ***
Claims       4.316e+03  1.895e+01 227.793  < 2e-16 ***
---
Signif. codes:  0 ‘***’ 0.001 ‘**’ 0.01 ‘*’ 0.05 ‘.’ 0.1 ‘ ’ 1

Residual standard error: 70830 on 2175 degrees of freedom
Multiple R-squared:  0.9952,	Adjusted R-squared:  0.9952 
F-statistic: 7.462e+04 on 6 and 2175 DF,  p-value: < 2.2e-16

Start:  AIC=48744.4
Payment ~ Kilometres + Zone + Bonus + Make + Insured + Claims

             Df  Sum of Sq        RSS   AIC
- Make        1 7.6538e+09 1.0920e+13 48744
<none>                     1.0912e+13 48744
- Bonus       1 1.1726e+10 1.0924e+13 48745
- Zone        1 4.5246e+10 1.0957e+13 48751
- Kilometres  1 9.6780e+10 1.1009e+13 48762
- Insured     1 8.8136e+12 1.9726e+13 50034
- Claims      1 2.6034e+14 2.7125e+14 55753

Step:  AIC=48743.93
Payment ~ Kilometres + Zone + Bonus + Insured + Claims

             Df  Sum of Sq        RSS   AIC
<none>                     1.0920e+13 48744
- Bonus       1 1.1868e+10 1.0932e+13 48744
+ Make        1 7.6538e+09 1.0912e+13 48744
- Zone        1 4.3876e+10 1.0964e+13 48751
- Kilometres  1 9.5061e+10 1.1015e+13 48761
- Insured     1 8.9879e+12 1.9908e+13 50052
- Claims      1 2.7174e+14 2.8266e+14 55841

Call:
lm(formula = Payment ~ Kilometres + Zone + Bonus + Insured + 
    Claims, data = data)

Residuals:
    Min      1Q  Median      3Q     Max 
-802682  -16785   -6453   11851  846822 

Coefficients:
              Estimate Std. Error t value Pr(>|t|)    
(Intercept) -25091.311   5726.245  -4.382 1.23e-05 ***
Kilometres    4723.323   1085.241   4.352 1.41e-05 ***
Zone          2285.711    773.015   2.957  0.00314 ** 
Bonus         1190.012    773.820   1.538  0.12423    
Insured         27.973      0.661  42.320  < 2e-16 ***
Claims        4310.961     18.526 232.701  < 2e-16 ***
---
Signif. codes:  0 ‘***’ 0.001 ‘**’ 0.01 ‘*’ 0.05 ‘.’ 0.1 ‘ ’ 1

Residual standard error: 70840 on 2176 degrees of freedom
Multiple R-squared:  0.9952,	Adjusted R-squared:  0.9952 
F-statistic: 8.952e+04 on 5 and 2176 DF,  p-value: < 2.2e-16

[1] "Payment ~ Insured + Claims"

Call:
lm(formula = i, data = data)

Residuals:
    Min      1Q  Median      3Q     Max 
-799392  -12743   -3733   10591  861235 

Coefficients:
             Estimate Std. Error t value Pr(>|t|)    
(Intercept) 3250.7447  1582.7077   2.054   0.0401 *  
Insured       28.3881     0.6514  43.580   <2e-16 ***
Claims      4294.7750    18.2819 234.920   <2e-16 ***
---
Signif. codes:  0 ‘***’ 0.001 ‘**’ 0.01 ‘*’ 0.05 ‘.’ 0.1 ‘ ’ 1

Residual standard error: 71270 on 2179 degrees of freedom
Multiple R-squared:  0.9951,	Adjusted R-squared:  0.9951 
F-statistic: 2.211e+05 on 2 and 2179 DF,  p-value: < 2.2e-16

Start:  AIC=48767.42
Payment ~ Insured + Claims

          Df  Sum of Sq        RSS   AIC
<none>                  1.1068e+13 48767
- Insured  1 9.6474e+12 2.0716e+13 50133
- Claims   1 2.8033e+14 2.9140e+14 55902

Call:
lm(formula = Payment ~ Insured + Claims, data = data)

Residuals:
    Min      1Q  Median      3Q     Max 
-799392  -12743   -3733   10591  861235 

Coefficients:
             Estimate Std. Error t value Pr(>|t|)    
(Intercept) 3250.7447  1582.7077   2.054   0.0401 *  
Insured       28.3881     0.6514  43.580   <2e-16 ***
Claims      4294.7750    18.2819 234.920   <2e-16 ***
---
Signif. codes:  0 ‘***’ 0.001 ‘**’ 0.01 ‘*’ 0.05 ‘.’ 0.1 ‘ ’ 1

Residual standard error: 71270 on 2179 degrees of freedom
Multiple R-squared:  0.9951,	Adjusted R-squared:  0.9951 
F-statistic: 2.211e+05 on 2 and 2179 DF,  p-value: < 2.2e-16

> remove(formula_string)
> library(dplyr)
> data %>% 
+   group_by(Zone, Kilometres, Bonus) %>%
+   summarise(max.Insured = max(Insured), max.claims = max(Claims), max.payment = max(Payment)) %>%
+   arrange(desc(max.payment, max.claims, max.Insured))
# A tibble: 245 x 6
# Groups:   Zone, Kilometres [35]
    Zone Kilometres Bonus max.Insured max.claims max.payment
   <int>      <int> <int>       <dbl>      <dbl>       <dbl>
 1     4          2     7     121293.       3338    18245026
 2     4          1     7     127687.       2894    15540162
 3     4          3     7      79615.       2548    13203616
 4     3          2     7      60140.       2044    10518198
 5     1          2     7      44511.       2127    10315455
 6     2          2     7      54421.       2087     9950131
 7     3          1     7      65617.       1865     9884008
 8     1          1     7      48265.       1875     8977527
 9     2          1     7      55085.       1744     8500391
10     3          3     7      36595.       1462     7765626
# ... with 235 more rows
> formula_string = c("Claims ~ Insured + Zone + Kilometres + Bonus + Make",
+                    "Claims ~ Insured + Zone + Make + Kilometres")
> model(formula_string)
[1] "Claims ~ Insured + Zone + Kilometres + Bonus + Make"

Call:
lm(formula = i, data = data)

Residuals:
     Min       1Q   Median       3Q      Max 
-1214.57   -25.18    -9.41    10.04  1301.78 

Coefficients:
              Estimate Std. Error t value Pr(>|t|)    
(Intercept) 37.1230027  7.1270679   5.209 2.08e-07 ***
Insured      0.0318697  0.0003158 100.933  < 2e-16 ***
Zone        -6.2924300  0.8647405  -7.277 4.75e-13 ***
Kilometres  -3.9648601  1.2255209  -3.235  0.00123 ** 
Bonus       -4.2468101  0.8707236  -4.877 1.15e-06 ***
Make         6.7725342  0.6755390  10.025  < 2e-16 ***
---
Signif. codes:  0 ‘***’ 0.001 ‘**’ 0.01 ‘*’ 0.05 ‘.’ 0.1 ‘ ’ 1

Residual standard error: 80.14 on 2176 degrees of freedom
Multiple R-squared:  0.8425,	Adjusted R-squared:  0.8421 
F-statistic:  2328 on 5 and 2176 DF,  p-value: < 2.2e-16

Start:  AIC=19136.97
Claims ~ Insured + Zone + Kilometres + Bonus + Make

             Df Sum of Sq      RSS   AIC
<none>                    13976386 19137
- Kilometres  1     67228 14043614 19145
- Bonus       1    152792 14129178 19159
- Zone        1    340096 14316481 19187
- Make        1    645561 14621947 19234
- Insured     1  65433535 79409920 22926

Call:
lm(formula = Claims ~ Insured + Zone + Kilometres + Bonus + Make, 
    data = data)

Residuals:
     Min       1Q   Median       3Q      Max 
-1214.57   -25.18    -9.41    10.04  1301.78 

Coefficients:
              Estimate Std. Error t value Pr(>|t|)    
(Intercept) 37.1230027  7.1270679   5.209 2.08e-07 ***
Insured      0.0318697  0.0003158 100.933  < 2e-16 ***
Zone        -6.2924300  0.8647405  -7.277 4.75e-13 ***
Kilometres  -3.9648601  1.2255209  -3.235  0.00123 ** 
Bonus       -4.2468101  0.8707236  -4.877 1.15e-06 ***
Make         6.7725342  0.6755390  10.025  < 2e-16 ***
---
Signif. codes:  0 ‘***’ 0.001 ‘**’ 0.01 ‘*’ 0.05 ‘.’ 0.1 ‘ ’ 1

Residual standard error: 80.14 on 2176 degrees of freedom
Multiple R-squared:  0.8425,	Adjusted R-squared:  0.8421 
F-statistic:  2328 on 5 and 2176 DF,  p-value: < 2.2e-16

[1] "Claims ~ Insured + Zone + Make + Kilometres"

Call:
lm(formula = i, data = data)

Residuals:
     Min       1Q   Median       3Q      Max 
-1194.64   -24.89    -8.93     9.00  1315.92 

Coefficients:
              Estimate Std. Error t value Pr(>|t|)    
(Intercept) 20.7305186  6.3176397   3.281 0.001049 ** 
Insured      0.0316064  0.0003127 101.067  < 2e-16 ***
Zone        -6.3872292  0.8690350  -7.350 2.79e-13 ***
Make         6.8717950  0.6787572  10.124  < 2e-16 ***
Kilometres  -4.1291667  1.2314529  -3.353 0.000813 ***
---
Signif. codes:  0 ‘***’ 0.001 ‘**’ 0.01 ‘*’ 0.05 ‘.’ 0.1 ‘ ’ 1

Residual standard error: 80.56 on 2177 degrees of freedom
Multiple R-squared:  0.8408,	Adjusted R-squared:  0.8405 
F-statistic:  2874 on 4 and 2177 DF,  p-value: < 2.2e-16

Start:  AIC=19158.7
Claims ~ Insured + Zone + Make + Kilometres

             Df Sum of Sq      RSS   AIC
<none>                    14129178 19159
- Kilometres  1     72971 14202148 19168
- Zone        1    350598 14479775 19210
- Make        1    665227 14794405 19257
- Insured     1  66294041 80423219 22951

Call:
lm(formula = Claims ~ Insured + Zone + Make + Kilometres, data = data)

Residuals:
     Min       1Q   Median       3Q      Max 
-1194.64   -24.89    -8.93     9.00  1315.92 

Coefficients:
              Estimate Std. Error t value Pr(>|t|)    
(Intercept) 20.7305186  6.3176397   3.281 0.001049 ** 
Insured      0.0316064  0.0003127 101.067  < 2e-16 ***
Zone        -6.3872292  0.8690350  -7.350 2.79e-13 ***
Make         6.8717950  0.6787572  10.124  < 2e-16 ***
Kilometres  -4.1291667  1.2314529  -3.353 0.000813 ***
---
Signif. codes:  0 ‘***’ 0.001 ‘**’ 0.01 ‘*’ 0.05 ‘.’ 0.1 ‘ ’ 1

Residual standard error: 80.56 on 2177 degrees of freedom
Multiple R-squared:  0.8408,	Adjusted R-squared:  0.8405 
F-statistic:  2874 on 4 and 2177 DF,  p-value: < 2.2e-16

> cor(data)
             Kilometres        Zone       Bonus         Make     Insured     Claims    Payment
Kilometres  1.000000000 -0.01404454 0.007226253 -0.002671090 -0.11299032 -0.1284519 -0.1208864
Zone       -0.014044539  1.00000000 0.011752402 -0.005216490 -0.05823208 -0.1146872 -0.1026947
Bonus       0.007226253  0.01175240 1.000000000  0.002150429  0.16542526  0.1051024  0.1180327
Make       -0.002671090 -0.00521649 0.002150429  1.000000000  0.18564236  0.2532120  0.2435393
Insured    -0.112990321 -0.05823208 0.165425256  0.185642358  1.00000000  0.9103478  0.9332170
Claims     -0.128451910 -0.11468720 0.105102362  0.253211951  0.91034777  1.0000000  0.9954003
Payment    -0.120886355 -0.10269467 0.118032691  0.243539320  0.93321697  0.9954003  1.0000000
> 